\BOOKMARK [1][-]{section.1}{Resumen Ejecutivo}{}% 1
\BOOKMARK [2][-]{subsection.1.1}{Objetivo del Proyecto}{section.1}% 2
\BOOKMARK [2][-]{subsection.1.2}{M\351tricas Objetivo y Resultados}{section.1}% 3
\BOOKMARK [1][-]{section.2}{Arquitectura del Sistema}{}% 4
\BOOKMARK [2][-]{subsection.2.1}{Visi\363n General}{section.2}% 5
\BOOKMARK [2][-]{subsection.2.2}{Stack Tecnol\363gico}{section.2}% 6
\BOOKMARK [1][-]{section.3}{Pipeline de Datos \(ETL\)}{}% 7
\BOOKMARK [2][-]{subsection.3.1}{Extracci\363n de Datos}{section.3}% 8
\BOOKMARK [2][-]{subsection.3.2}{Features Extra\355dos}{section.3}% 9
\BOOKMARK [3][-]{subsubsection.3.2.1}{Features Ling\374\355sticos \(por mensaje\)}{subsection.3.2}% 10
\BOOKMARK [3][-]{subsubsection.3.2.2}{Features Temporales \(por d\355a/ventana\)}{subsection.3.2}% 11
\BOOKMARK [3][-]{subsubsection.3.2.3}{Features de Ingenier\355a}{subsection.3.2}% 12
\BOOKMARK [2][-]{subsection.3.3}{Generaci\363n de Labels}{section.3}% 13
\BOOKMARK [1][-]{section.4}{Modelos de Machine Learning}{}% 14
\BOOKMARK [2][-]{subsection.4.1}{Modelos Baseline}{section.4}% 15
\BOOKMARK [3][-]{subsubsection.4.1.1}{Random Forest}{subsection.4.1}% 16
\BOOKMARK [3][-]{subsubsection.4.1.2}{Gradient Boosting Machine \(GBM\)}{subsection.4.1}% 17
\BOOKMARK [2][-]{subsection.4.2}{Temporal Fusion Transformer \(TFT\)}{section.4}% 18
\BOOKMARK [2][-]{subsection.4.3}{Ensemble Methods}{section.4}% 19
\BOOKMARK [2][-]{subsection.4.4}{Validaci\363n Temporal}{section.4}% 20
\BOOKMARK [3][-]{subsubsection.4.4.1}{Walk-Forward Validation con Embargo}{subsection.4.4}% 21
\BOOKMARK [1][-]{section.5}{An\341lisis de Data Leakage}{}% 22
\BOOKMARK [2][-]{subsection.5.1}{Problema Identificado}{section.5}% 23
\BOOKMARK [2][-]{subsection.5.2}{Fuentes de Leakage}{section.5}% 24
\BOOKMARK [2][-]{subsection.5.3}{Correcciones Implementadas}{section.5}% 25
\BOOKMARK [1][-]{section.6}{NLP y Embeddings de Texto}{}% 26
\BOOKMARK [2][-]{subsection.6.1}{Sentence Transformers \(Baseline\)}{section.6}% 27
\BOOKMARK [2][-]{subsection.6.2}{MiniLLM v2: An\341lisis de Perplexity}{section.6}% 28
\BOOKMARK [1][-]{section.7}{Propuestas de Mejora}{}% 29
\BOOKMARK [2][-]{subsection.7.1}{Corto Plazo \(1-2 semanas\)}{section.7}% 30
\BOOKMARK [2][-]{subsection.7.2}{Medio Plazo \(3-4 semanas\)}{section.7}% 31
\BOOKMARK [2][-]{subsection.7.3}{Largo Plazo}{section.7}% 32
\BOOKMARK [1][-]{section.8}{Pipeline Propuesto con NLP}{}% 33
\BOOKMARK [1][-]{section.9}{Conclusiones}{}% 34
\BOOKMARK [2][-]{subsection.9.1}{Estado Actual}{section.9}% 35
\BOOKMARK [2][-]{subsection.9.2}{Limitaciones}{section.9}% 36
\BOOKMARK [2][-]{subsection.9.3}{Pasos Siguientes}{section.9}% 37
\BOOKMARK [1][-]{appendix.A}{Estructura de Archivos del Proyecto}{}% 38
\BOOKMARK [1][-]{appendix.B}{Comandos de Ejecuci\363n}{}% 39
